// Jest Snapshot v1, https://goo.gl/fbAQLP

exports[`common/CommitList renders CommitList snapshots 1`] = `
<div>
  <div
    class="base"
  >
    <div
      class="header"
    >
      <div
        class="commitColumn"
      >
        Commit
      </div>
      <div
        class="countersColumns"
      >
        <div
          class="issuesColumn"
        >
          Issues
        </div>
        <div
          class="coverageColumn"
        >
          Coverage
        </div>
      </div>
    </div>
    <div
      class="rows"
    >
      <a
        href="/repos/undefined/branches/undefined/commits/62bad0cbadbeefc0c0f"
      >
        <div
          class="row"
        >
          <div
            class="rail"
          />
          <div
            class="virtualSpacers"
          >
            <div
              class="commitSpacer"
            />
            <div
              class="countersSpacer"
            >
              <div
                class="issuesSpacer"
              />
              <div
                class="coverageSpacer"
              />
            </div>
          </div>
          <div
            class="rowWrapper"
          >
            <div
              class="headerWrapper"
            >
              <div
                class="base"
              >
                <div
                  class="avatarWrapper"
                >
                  <img
                    alt=""
                    aria-hidden="true"
                    class="base"
                    src="https://avatars.githubusercontent.com/u/118852412?s=200&v=4"
                    style="height: 25px; width: 25px;"
                  />
                </div>
                <div
                  class="infoWrapper"
                >
                  <div
                    class="commitMeta"
                  >
                    <span
                      class="username"
                    >
                      cocov-ci
                    </span>
                    <span>
                      committed
                    </span>
                    <a
                      class="headLink className"
                      href="https://github.com/cocov-ci/web"
                      rel="noreferrer"
                      target="_blank"
                    >
                      62bad0
                    </a>
                    <span
                      class=""
                      title="Nov 22, 2022, 9:25 PM GMT"
                    >
                      4 months ago
                    </span>
                  </div>
                  <div
                    class="commitTitle"
                  >
                    <a
                      href="https://github.com/cocov-ci/web"
                      rel="noreferrer"
                      target="_blank"
                    >
                      fix(rollout-restart): Ensure to keep watching rollout status
                    </a>
                  </div>
                </div>
              </div>
            </div>
            <div
              class="counters"
            >
              <div
                class="issuesCounter"
              >
                9999
              </div>
              <div
                class="coverageCounter"
              >
                100
                %
              </div>
            </div>
          </div>
        </div>
      </a>
      <a
        href="/repos/undefined/branches/undefined/commits/62bad0cbadbeefc0c0f1"
      >
        <div
          class="row"
        >
          <div
            class="rail"
          />
          <div
            class="virtualSpacers"
          >
            <div
              class="commitSpacer"
            />
            <div
              class="countersSpacer"
            >
              <div
                class="issuesSpacer"
              />
              <div
                class="coverageSpacer"
              />
            </div>
          </div>
          <div
            class="rowWrapper"
          >
            <div
              class="headerWrapper"
            >
              <div
                class="base"
              >
                <div
                  class="avatarWrapper"
                >
                  <img
                    alt=""
                    aria-hidden="true"
                    class="base"
                    src="https://avatars.githubusercontent.com/u/118852412?s=200&v=4"
                    style="height: 25px; width: 25px;"
                  />
                </div>
                <div
                  class="infoWrapper"
                >
                  <div
                    class="commitMeta"
                  >
                    <span
                      class="username"
                    >
                      cocov-ci
                    </span>
                    <span>
                      committed
                    </span>
                    <a
                      class="headLink className"
                      href="https://github.com/cocov-ci/web"
                      rel="noreferrer"
                      target="_blank"
                    >
                      62bad0
                    </a>
                    <span
                      class=""
                      title="Nov 22, 2022, 9:25 PM GMT"
                    >
                      4 months ago
                    </span>
                  </div>
                  <div
                    class="commitTitle"
                  >
                    <a
                      href="https://github.com/cocov-ci/web"
                      rel="noreferrer"
                      target="_blank"
                    >
                      fix(rollout-restart): Ensure to keep watching rollout status
                    </a>
                  </div>
                </div>
              </div>
            </div>
            <div
              class="counters"
            >
              <div
                class="issuesCounter"
              >
                9999
              </div>
              <div
                class="coverageCounter"
              >
                100
                %
              </div>
            </div>
          </div>
        </div>
      </a>
    </div>
    <div
      class="paging"
    >
      <div
        class="pagination paginationComponent"
      >
        <ul
          class="pages"
        >
          <svg
            class="arrow"
            fill="none"
            height="24"
            stroke="currentColor"
            stroke-linecap="round"
            stroke-linejoin="round"
            stroke-width="2"
            viewBox="0 0 24 24"
            width="24"
            xmlns="http://www.w3.org/2000/svg"
          >
            <polyline
              points="17 18 11 12 17 6"
            />
            <path
              d="M7 6v12"
            />
          </svg>
          <li
            class="page"
          >
            1
          </li>
          <li
            class="page active"
          >
            2
          </li>
          <li
            class="page"
          >
            3
          </li>
          <li
            class="page"
          >
            4
          </li>
          <li
            class="page"
          >
            5
          </li>
          <li
            class="page"
          >
            6
          </li>
          <li
            class="page"
          >
            7
          </li>
          <li
            class="page"
          >
            8
          </li>
          <li
            class="page"
          >
            9
          </li>
          <li
            class="page"
          >
            10
          </li>
          <svg
            class="arrow"
            fill="none"
            height="24"
            stroke="currentColor"
            stroke-linecap="round"
            stroke-linejoin="round"
            stroke-width="2"
            viewBox="0 0 24 24"
            width="24"
            xmlns="http://www.w3.org/2000/svg"
          >
            <polyline
              points="7 18 13 12 7 6"
            />
            <path
              d="M17 6v12"
            />
          </svg>
        </ul>
      </div>
    </div>
  </div>
</div>
`;
