// Jest Snapshot v1, https://goo.gl/fbAQLP

exports[`common/Histogram renders Histogram snapshots 1`] = `
<div>
  <div
    class="base"
  >
    <div
      class="labels"
    >
      <a
        href="/"
      >
        <div
          class="label"
        >
          <div
            class="labelWrapper"
          >
            Zero
          </div>
        </div>
      </a>
      <a
        href="/"
      >
        <div
          class="label"
        >
          <div
            class="labelWrapper"
          >
            Ten
          </div>
        </div>
      </a>
      <a
        href="/"
      >
        <div
          class="label"
        >
          <div
            class="labelWrapper"
          >
            Twenty
          </div>
        </div>
      </a>
      <a
        href="/"
      >
        <div
          class="label"
        >
          <div
            class="labelWrapper"
          >
            Thirty
          </div>
        </div>
      </a>
      <a
        href="/"
      >
        <div
          class="label"
        >
          <div
            class="labelWrapper"
          >
            Forty
          </div>
        </div>
      </a>
      <a
        href="/"
      >
        <div
          class="label"
        >
          <div
            class="labelWrapper"
          >
            Fifty
          </div>
        </div>
      </a>
      <a
        href="/"
      >
        <div
          class="label"
        >
          <div
            class="labelWrapper"
          >
            Sixty
          </div>
        </div>
      </a>
      <a
        href="/"
      >
        <div
          class="label"
        >
          <div
            class="labelWrapper"
          >
            Seventy
          </div>
        </div>
      </a>
      <a
        href="/"
      >
        <div
          class="label"
        >
          <div
            class="labelWrapper"
          >
            Eighty
          </div>
        </div>
      </a>
      <a
        href="/"
      >
        <div
          class="label"
        >
          <div
            class="labelWrapper"
          >
            Ninety
          </div>
        </div>
      </a>
      <a
        href="/"
      >
        <div
          class="label"
        >
          <div
            class="labelWrapper"
          >
            A Hundred
          </div>
        </div>
      </a>
    </div>
    <div
      class="values"
    >
      <a
        href="/"
      >
        <div
          class="value"
        >
          <div
            class="valueWrapper"
            style="width: 0%;"
          >
            0
          </div>
        </div>
      </a>
      <a
        href="/"
      >
        <div
          class="value"
        >
          <div
            class="valueWrapper"
            style="width: 9.5%;"
          >
            10
          </div>
        </div>
      </a>
      <a
        href="/"
      >
        <div
          class="value"
        >
          <div
            class="valueWrapper"
            style="width: 19%;"
          >
            20
          </div>
        </div>
      </a>
      <a
        href="/"
      >
        <div
          class="value"
        >
          <div
            class="valueWrapper"
            style="width: 28.5%;"
          >
            30
          </div>
        </div>
      </a>
      <a
        href="/"
      >
        <div
          class="value"
        >
          <div
            class="valueWrapper"
            style="width: 38%;"
          >
            40
          </div>
        </div>
      </a>
      <a
        href="/"
      >
        <div
          class="value"
        >
          <div
            class="valueWrapper"
            style="width: 47.5%;"
          >
            50
          </div>
        </div>
      </a>
      <a
        href="/"
      >
        <div
          class="value"
        >
          <div
            class="valueWrapper"
            style="width: 57%;"
          >
            60
          </div>
        </div>
      </a>
      <a
        href="/"
      >
        <div
          class="value"
        >
          <div
            class="valueWrapper"
            style="width: 66.5%;"
          >
            70
          </div>
        </div>
      </a>
      <a
        href="/"
      >
        <div
          class="value"
        >
          <div
            class="valueWrapper"
            style="width: 76%;"
          >
            80
          </div>
        </div>
      </a>
      <a
        href="/"
      >
        <div
          class="value"
        >
          <div
            class="valueWrapper"
            style="width: 85.5%;"
          >
            90
          </div>
        </div>
      </a>
      <a
        href="/"
      >
        <div
          class="value"
        >
          <div
            class="valueWrapper"
            style="width: 95%;"
          >
            100
          </div>
        </div>
      </a>
    </div>
  </div>
</div>
`;
