// Jest Snapshot v1, https://goo.gl/fbAQLP

exports[`Loading renders Loading snapshots 1`] = `
<div>
  <div
    class="loading center"
  >
    <img
      alt="A spinner indicating an ongoing operation"
      class="spinner"
      data-nimg="1"
      decoding="async"
      height="24"
      loading="lazy"
      src="/icons/spinner.svg"
      srcset="/icons/spinner.svg 1x, /icons/spinner.svg 2x"
      style="color: transparent;"
      width="24"
    />
  </div>
</div>
`;
