// Jest Snapshot v1, https://goo.gl/fbAQLP

exports[`common/Secret renders Secret snapshots 1`] = `
<div>
  <div
    class="base active"
  >
    <div
      class="iconWrapper"
    >
      <svg
        class="lucide lucide-lock"
        fill="none"
        height="14.44px"
        stroke="currentColor"
        stroke-linecap="round"
        stroke-linejoin="round"
        stroke-width="2"
        viewBox="0 0 24 24"
        width="13px"
        xmlns="http://www.w3.org/2000/svg"
      >
        <rect
          height="11"
          rx="2"
          ry="2"
          width="18"
          x="3"
          y="11"
        />
        <path
          d="M7 11V7a5 5 0 0 1 10 0v4"
        />
      </svg>
    </div>
    <div
      class="infoWrapper"
    >
      <span
        class="secretName className"
      >
        GIT_CONFIG
      </span>
    </div>
    <div
      class="accessoryWrapper"
    />
  </div>
</div>
`;
